###############################################################################
#
# IAR ELF Linker V9.10.1.308/W64 for ARM                  06/Apr/2022  16:51:21
# Copyright 2007-2021 IAR Systems AB.
#
#    Output file  =
#        F:\Emre_Dökümanlar\IAR_Projects\IAR_Examples\STM32F1\examples\Base_v1.0\Debug\Exe\Base1.out
#    Map file     =
#        F:\Emre_Dökümanlar\IAR_Projects\IAR_Examples\STM32F1\examples\Base_v1.0\Debug\List\Base1.map
#    Command line =
#        -f
#        F:\Emre_Dökümanlar\IAR_Projects\IAR_Examples\STM32F1\examples\Base_v1.0\Debug\Exe\Base1.out.rsp
#        (F:\Emre_Dökümanlar\IAR_Projects\IAR_Examples\STM32F1\examples\Base_v1.0\Debug\Obj\Core\delay.o
#        F:\Emre_Dökümanlar\IAR_Projects\IAR_Examples\STM32F1\examples\Base_v1.0\Debug\Obj\user\src\io.o
#        F:\Emre_Dökümanlar\IAR_Projects\IAR_Examples\STM32F1\examples\Base_v1.0\Debug\Obj\user\src\main.o
#        F:\Emre_Dökümanlar\IAR_Projects\IAR_Examples\STM32F1\examples\Base_v1.0\Debug\Obj\Peripheral\misc.o
#        F:\Emre_Dökümanlar\IAR_Projects\IAR_Examples\STM32F1\examples\Base_v1.0\Debug\Obj\Core\startup_stm32f10x_md.o
#        F:\Emre_Dökümanlar\IAR_Projects\IAR_Examples\STM32F1\examples\Base_v1.0\Debug\Obj\Peripheral\stm32f10x_gpio.o
#        F:\Emre_Dökümanlar\IAR_Projects\IAR_Examples\STM32F1\examples\Base_v1.0\Debug\Obj\Core\stm32f10x_it.o
#        F:\Emre_Dökümanlar\IAR_Projects\IAR_Examples\STM32F1\examples\Base_v1.0\Debug\Obj\Peripheral\stm32f10x_rcc.o
#        F:\Emre_Dökümanlar\IAR_Projects\IAR_Examples\STM32F1\examples\Base_v1.0\Debug\Obj\user\src\system.o
#        F:\Emre_Dökümanlar\IAR_Projects\IAR_Examples\STM32F1\examples\Base_v1.0\Debug\Obj\Core\system_stm32f10x.o
#        --no_out_extension -o
#        F:\Emre_Dökümanlar\IAR_Projects\IAR_Examples\STM32F1\examples\Base_v1.0\Debug\Exe\Base1.out
#        --redirect _Printf=_PrintfFullNoMb --redirect _Scanf=_ScanfFullNoMb
#        --map
#        F:\Emre_Dökümanlar\IAR_Projects\IAR_Examples\STM32F1\examples\Base_v1.0\Debug\List\Base1.map
#        --config "C:\Program Files\IAR Systems\Embedded Workbench
#        9.0\arm\config\linker\ST\stm32f103x8.icf" --semihosting --entry
#        __iar_program_start --vfe --text_out locale)
#
###############################################################################

*******************************************************************************
*** RUNTIME MODEL ATTRIBUTES
***

CppFlavor       = *
__SystemLibrary = DLib
__dlib_version  = 6


*******************************************************************************
*** HEAP SELECTION
***

The basic heap was selected because no calls to memory allocation
functions were found in the application outside of system library
functions, and there are calls to deallocation functions in the
application.


*******************************************************************************
*** PLACEMENT SUMMARY
***

"A0":  place at address 0x800'0000 { ro section .intvec };
"P1":  place in [from 0x800'0000 to 0x800'ffff] { ro };
define block CSTACK with size = 2K, alignment = 8 { };
define block HEAP with size = 2K, alignment = 8 { };
"P2":  place in [from 0x2000'0000 to 0x2000'4fff] {
          rw, block CSTACK, block HEAP };
initialize by copy { rw };

  Section            Kind         Address   Size  Object
  -------            ----         -------   ----  ------
"A0":                                       0xec
  .intvec            ro code   0x800'0000   0xec  startup_stm32f10x_md.o [1]
                             - 0x800'00ec   0xec

"P1":                                      0x6cc
  .text              ro code   0x800'00ec  0x158  stm32f10x_gpio.o [2]
  .text              ro code   0x800'0244  0x158  system_stm32f10x.o [1]
  .text              ro code   0x800'039c   0xc4  system.o [3]
  .text              ro code   0x800'0460   0x24  stm32f10x_rcc.o [2]
  .text              ro code   0x800'0484   0x94  io.o [3]
  .text              ro code   0x800'0518   0x80  main.o [3]
  Initializer bytes  const     0x800'0598   0x40  <for P2-1>
  .text              ro code   0x800'05d8   0x2a  copy_init3.o [5]
  .text              ro code   0x800'0604   0x28  data_init.o [5]
  .iar.init_table    const     0x800'062c   0x14  - Linker created -
  .text              ro code   0x800'0640   0x1e  cmain.o [5]
  .text              ro code   0x800'065e    0x4  low_level_init.o [4]
  .text              ro code   0x800'0662    0x4  exit.o [4]
  .text              ro code   0x800'0668    0xa  cexit.o [5]
  .text              ro code   0x800'0674   0x14  exit.o [6]
  .rodata            const     0x800'0688   0x1c  system.o [3]
  .text              ro code   0x800'06a4   0x1c  cstartup_M.o [5]
  .text              ro code   0x800'06c0   0x18  stm32f10x_it.o [1]
  .text              ro code   0x800'06d8   0x10  startup_stm32f10x_md.o [1]
  .text              ro code   0x800'06e8    0x4  startup_stm32f10x_md.o [1]
  .text              ro code   0x800'06ec    0x4  startup_stm32f10x_md.o [1]
  .text              ro code   0x800'06f0    0x4  startup_stm32f10x_md.o [1]
  .text              ro code   0x800'06f4    0x4  startup_stm32f10x_md.o [1]
  .text              ro code   0x800'06f8    0x4  startup_stm32f10x_md.o [1]
  .text              ro code   0x800'06fc    0x4  startup_stm32f10x_md.o [1]
  .text              ro code   0x800'0700    0x4  startup_stm32f10x_md.o [1]
  .text              ro code   0x800'0704    0x4  startup_stm32f10x_md.o [1]
  .text              ro code   0x800'0708    0x4  startup_stm32f10x_md.o [1]
  .text              ro code   0x800'070c    0x4  startup_stm32f10x_md.o [1]
  .text              ro code   0x800'0710    0x4  startup_stm32f10x_md.o [1]
  .text              ro code   0x800'0714    0x4  startup_stm32f10x_md.o [1]
  .text              ro code   0x800'0718    0x4  startup_stm32f10x_md.o [1]
  .text              ro code   0x800'071c    0x4  startup_stm32f10x_md.o [1]
  .text              ro code   0x800'0720    0x4  startup_stm32f10x_md.o [1]
  .text              ro code   0x800'0724    0x4  startup_stm32f10x_md.o [1]
  .text              ro code   0x800'0728    0x4  startup_stm32f10x_md.o [1]
  .text              ro code   0x800'072c    0x4  startup_stm32f10x_md.o [1]
  .text              ro code   0x800'0730    0x4  startup_stm32f10x_md.o [1]
  .text              ro code   0x800'0734    0x4  startup_stm32f10x_md.o [1]
  .text              ro code   0x800'0738    0x4  startup_stm32f10x_md.o [1]
  .text              ro code   0x800'073c    0x4  startup_stm32f10x_md.o [1]
  .text              ro code   0x800'0740    0x4  startup_stm32f10x_md.o [1]
  .text              ro code   0x800'0744    0x4  startup_stm32f10x_md.o [1]
  .text              ro code   0x800'0748    0x4  startup_stm32f10x_md.o [1]
  .text              ro code   0x800'074c    0x4  startup_stm32f10x_md.o [1]
  .text              ro code   0x800'0750    0x4  startup_stm32f10x_md.o [1]
  .text              ro code   0x800'0754    0x4  startup_stm32f10x_md.o [1]
  .text              ro code   0x800'0758    0x4  startup_stm32f10x_md.o [1]
  .text              ro code   0x800'075c    0x4  startup_stm32f10x_md.o [1]
  .text              ro code   0x800'0760    0x4  startup_stm32f10x_md.o [1]
  .text              ro code   0x800'0764    0x4  startup_stm32f10x_md.o [1]
  .text              ro code   0x800'0768    0x4  startup_stm32f10x_md.o [1]
  .text              ro code   0x800'076c    0x4  startup_stm32f10x_md.o [1]
  .text              ro code   0x800'0770    0x4  startup_stm32f10x_md.o [1]
  .text              ro code   0x800'0774    0x4  startup_stm32f10x_md.o [1]
  .text              ro code   0x800'0778    0x4  startup_stm32f10x_md.o [1]
  .text              ro code   0x800'077c    0x4  startup_stm32f10x_md.o [1]
  .text              ro code   0x800'0780    0x4  startup_stm32f10x_md.o [1]
  .text              ro code   0x800'0784    0x4  startup_stm32f10x_md.o [1]
  .text              ro code   0x800'0788    0x4  startup_stm32f10x_md.o [1]
  .text              ro code   0x800'078c    0x4  startup_stm32f10x_md.o [1]
  .text              ro code   0x800'0790    0x4  startup_stm32f10x_md.o [1]
  .text              ro code   0x800'0794    0x4  startup_stm32f10x_md.o [1]
  .text              ro code   0x800'0798    0x4  startup_stm32f10x_md.o [1]
  .text              ro code   0x800'079c    0x4  startup_stm32f10x_md.o [1]
  .text              ro code   0x800'07a0    0x4  startup_stm32f10x_md.o [1]
  .text              ro code   0x800'07a4    0x4  startup_stm32f10x_md.o [1]
  .text              ro code   0x800'07a8    0x4  startup_stm32f10x_md.o [1]
  .text              ro code   0x800'07ac    0x4  startup_stm32f10x_md.o [1]
  .text              ro code   0x800'07b0    0x4  startup_stm32f10x_md.o [1]
  .text              ro code   0x800'07b4    0x4  startup_stm32f10x_md.o [1]
  .rodata            const     0x800'07b8    0x0  copy_init3.o [5]
                             - 0x800'07b8  0x6cc

"P2", part 1 of 2:                          0x40
  P2-1                        0x2000'0000   0x40  <Init block>
    .data            inited   0x2000'0000   0x18  io.o [3]
    .data            inited   0x2000'0018   0x1c  io.o [3]
    .data            inited   0x2000'0034    0x4  system_stm32f10x.o [1]
    .bss             inited   0x2000'0038    0x4  main.o [3]
    .bss             inited   0x2000'003c    0x4  system.o [3]
                            - 0x2000'0040   0x40

"P2", part 2 of 2:                         0x800
  CSTACK                      0x2000'0040  0x800  <Block>
    CSTACK           uninit   0x2000'0040  0x800  <Block tail>
                            - 0x2000'0840  0x800

Unused ranges:

         From           To    Size
         ----           --    ----
   0x800'07b8   0x800'ffff  0xf848
  0x2000'0840  0x2000'4fff  0x47c0


*******************************************************************************
*** INIT TABLE
***

          Address      Size
          -------      ----
Copy (__iar_copy_init3)
    1 source range, total size 0x40:
           0x800'0598  0x40
    1 destination range, total size 0x40:
          0x2000'0000  0x40



*******************************************************************************
*** MODULE SUMMARY
***

    Module                  ro code  ro data  rw data
    ------                  -------  -------  -------
command line/config:
    -------------------------------------------------
    Total:

F:\Emre_Dökümanlar\IAR_Projects\IAR_Examples\STM32F1\examples\Base_v1.0\Debug\Obj\Core: [1]
    startup_stm32f10x_md.o      460
    stm32f10x_it.o               24
    system_stm32f10x.o          344        4        4
    -------------------------------------------------
    Total:                      828        4        4

F:\Emre_Dökümanlar\IAR_Projects\IAR_Examples\STM32F1\examples\Base_v1.0\Debug\Obj\Peripheral: [2]
    stm32f10x_gpio.o            344
    stm32f10x_rcc.o              36
    -------------------------------------------------
    Total:                      380

F:\Emre_Dökümanlar\IAR_Projects\IAR_Examples\STM32F1\examples\Base_v1.0\Debug\Obj\user\src: [3]
    io.o                        148       52       52
    main.o                      128        4        4
    system.o                    196       32        4
    -------------------------------------------------
    Total:                      472       88       60

dl7M_tln.a: [4]
    exit.o                        4
    low_level_init.o              4
    -------------------------------------------------
    Total:                        8

rt7M_tl.a: [5]
    cexit.o                      10
    cmain.o                      30
    copy_init3.o                 42
    cstartup_M.o                 28
    data_init.o                  40
    -------------------------------------------------
    Total:                      150

shb_l.a: [6]
    exit.o                       20
    -------------------------------------------------
    Total:                       20

    Gaps                          6
    Linker created                        20    2'048
-----------------------------------------------------
    Grand Total:              1'864      112    2'112


*******************************************************************************
*** ENTRY LIST
***

Entry                       Address  Size  Type      Object
-----                       -------  ----  ----      ------
.iar.init_table$$Base    0x800'062c         --   Gb  - Linker created -
.iar.init_table$$Limit   0x800'0640         --   Gb  - Linker created -
?main                    0x800'0641        Code  Gb  cmain.o [5]
BusFault_Handler         0x800'06c7   0x2  Code  Gb  stm32f10x_it.o [1]
CSTACK$$Base            0x2000'0040         --   Gb  - Linker created -
CSTACK$$Limit           0x2000'0840         --   Gb  - Linker created -
DebugMon_Handler         0x800'06cd   0x2  Code  Gb  stm32f10x_it.o [1]
GPIO_Init                0x800'00ed  0xc6  Code  Gb  stm32f10x_gpio.o [2]
GPIO_PinRemapConfig      0x800'01b3  0x8a  Code  Gb  stm32f10x_gpio.o [2]
HardFault_Handler        0x800'06c3   0x2  Code  Gb  stm32f10x_it.o [1]
IO_Init                  0x800'0485  0x30  Code  Gb  io.o [3]
IO_Read                  0x800'04f1  0x20  Code  Gb  io.o [3]
IO_Write                 0x800'04b5  0x3c  Code  Gb  io.o [3]
MemManage_Handler        0x800'06c5   0x2  Code  Gb  stm32f10x_it.o [1]
NMI_Handler              0x800'06c1   0x2  Code  Gb  stm32f10x_it.o [1]
PendSV_Handler           0x800'06cf   0x2  Code  Gb  stm32f10x_it.o [1]
RCC_APB2PeriphClockCmd   0x800'0461  0x20  Code  Gb  stm32f10x_rcc.o [2]
Region$$Table$$Base      0x800'062c         --   Gb  - Linker created -
Region$$Table$$Limit     0x800'0640         --   Gb  - Linker created -
SVC_Handler              0x800'06cb   0x2  Code  Gb  stm32f10x_it.o [1]
SetSysClock              0x800'0299   0x8  Code  Lc  system_stm32f10x.o [1]
SetSysClockTo72          0x800'02a1  0xe0  Code  Lc  system_stm32f10x.o [1]
SysTick_Config           0x800'03c1  0x2e  Code  Lc  system.o [3]
SysTick_Handler          0x800'06d1   0x8  Code  Gb  stm32f10x_it.o [1]
Sys_ClockInit            0x800'0425  0x14  Code  Gb  system.o [3]
Sys_ClockTick            0x800'0419   0xc  Code  Gb  system.o [3]
Sys_IoInit               0x800'03ef  0x2a  Code  Gb  system.o [3]
SystemCoreClock         0x2000'0034   0x4  Data  Gb  system_stm32f10x.o [1]
SystemInit               0x800'0245  0x54  Code  Gb  system_stm32f10x.o [1]
UsageFault_Handler       0x800'06c9   0x2  Code  Gb  stm32f10x_it.o [1]
_GPIO_Clocks             0x800'0688  0x1c  Data  Lc  system.o [3]
_GPIO_Ports             0x2000'0018  0x1c  Data  Gb  io.o [3]
__NVIC_SetPriority       0x800'039d  0x24  Code  Lc  system.o [3]
__cmain                  0x800'0641        Code  Gb  cmain.o [5]
__exit                   0x800'0675  0x14  Code  Gb  exit.o [6]
__iar_copy_init3         0x800'05d9  0x2a  Code  Gb  copy_init3.o [5]
__iar_data_init3         0x800'0605  0x28  Code  Gb  data_init.o [5]
__iar_program_start      0x800'06a5        Code  Gb  cstartup_M.o [5]
__low_level_init         0x800'065f   0x4  Code  Gb  low_level_init.o [4]
__vector_table           0x800'0000        Data  Gb  startup_stm32f10x_md.o [1]
_call_main               0x800'064d        Code  Gb  cmain.o [5]
_exit                    0x800'0669        Code  Gb  cexit.o [5]
_ios                    0x2000'0000  0x18  Data  Gb  io.o [3]
_tmTick                 0x2000'003c   0x4  Data  Lc  system.o [3]
exit                     0x800'0663   0x4  Code  Gb  exit.o [4]
init                     0x800'0519  0x1c  Code  Gb  main.o [3]
main                     0x800'0535  0x5e  Code  Gb  main.o [3]
read_pin                0x2000'0038   0x4  Data  Gb  main.o [3]


[1] = F:\Emre_Dökümanlar\IAR_Projects\IAR_Examples\STM32F1\examples\Base_v1.0\Debug\Obj\Core
[2] = F:\Emre_Dökümanlar\IAR_Projects\IAR_Examples\STM32F1\examples\Base_v1.0\Debug\Obj\Peripheral
[3] = F:\Emre_Dökümanlar\IAR_Projects\IAR_Examples\STM32F1\examples\Base_v1.0\Debug\Obj\user\src
[4] = dl7M_tln.a
[5] = rt7M_tl.a
[6] = shb_l.a

  1'864 bytes of readonly  code memory
    112 bytes of readonly  data memory
  2'112 bytes of readwrite data memory

Errors: none
Warnings: none
