###############################################################################
#
# IAR ELF Linker V9.10.1.308/W64 for ARM                  15/Apr/2022  11:59:55
# Copyright 2007-2021 IAR Systems AB.
#
#    Output file  =
#        F:\Emre_Dökümanlar\IAR_Projects\IAR_Examples\STM32F1\examples\3_LCD\Debug\Exe\LCD.out
#    Map file     =
#        F:\Emre_Dökümanlar\IAR_Projects\IAR_Examples\STM32F1\examples\3_LCD\Debug\List\LCD.map
#    Command line =
#        -f
#        F:\Emre_Dökümanlar\IAR_Projects\IAR_Examples\STM32F1\examples\3_LCD\Debug\List\LCD.map.rsp
#        (F:\Emre_Dökümanlar\IAR_Projects\IAR_Examples\STM32F1\examples\3_LCD\Debug\Obj\Core\delay.o
#        F:\Emre_Dökümanlar\IAR_Projects\IAR_Examples\STM32F1\examples\3_LCD\Debug\Obj\user\src\io.o
#        F:\Emre_Dökümanlar\IAR_Projects\IAR_Examples\STM32F1\examples\3_LCD\Debug\Obj\user\src\lcdm.o
#        F:\Emre_Dökümanlar\IAR_Projects\IAR_Examples\STM32F1\examples\3_LCD\Debug\Obj\user\src\main.o
#        F:\Emre_Dökümanlar\IAR_Projects\IAR_Examples\STM32F1\examples\3_LCD\Debug\Obj\Peripheral\misc.o
#        F:\Emre_Dökümanlar\IAR_Projects\IAR_Examples\STM32F1\examples\3_LCD\Debug\Obj\Core\startup_stm32f10x_md.o
#        F:\Emre_Dökümanlar\IAR_Projects\IAR_Examples\STM32F1\examples\3_LCD\Debug\Obj\Peripheral\stm32f10x_gpio.o
#        F:\Emre_Dökümanlar\IAR_Projects\IAR_Examples\STM32F1\examples\3_LCD\Debug\Obj\Core\stm32f10x_it.o
#        F:\Emre_Dökümanlar\IAR_Projects\IAR_Examples\STM32F1\examples\3_LCD\Debug\Obj\Peripheral\stm32f10x_rcc.o
#        F:\Emre_Dökümanlar\IAR_Projects\IAR_Examples\STM32F1\examples\3_LCD\Debug\Obj\user\src\system.o
#        F:\Emre_Dökümanlar\IAR_Projects\IAR_Examples\STM32F1\examples\3_LCD\Debug\Obj\Core\system_stm32f10x.o
#        --no_out_extension -o
#        F:\Emre_Dökümanlar\IAR_Projects\IAR_Examples\STM32F1\examples\3_LCD\Debug\Exe\LCD.out
#        --redirect _Printf=_PrintfFullNoMb --redirect _Scanf=_ScanfFullNoMb
#        --map
#        F:\Emre_Dökümanlar\IAR_Projects\IAR_Examples\STM32F1\examples\3_LCD\Debug\List\LCD.map
#        --config "C:\Program Files\IAR Systems\Embedded Workbench
#        9.0\arm\config\linker\ST\stm32f103x8.icf" --semihosting --entry
#        __iar_program_start --vfe --text_out locale)
#
###############################################################################

*******************************************************************************
*** RUNTIME MODEL ATTRIBUTES
***

CppFlavor       = *
__SystemLibrary = DLib
__dlib_version  = 6


*******************************************************************************
*** HEAP SELECTION
***

The basic heap was selected because no calls to memory allocation
functions were found in the application outside of system library
functions, and there are calls to deallocation functions in the
application.


*******************************************************************************
*** PLACEMENT SUMMARY
***

"A0":  place at address 0x800'0000 { ro section .intvec };
"P1":  place in [from 0x800'0000 to 0x800'ffff] { ro };
define block CSTACK with size = 2K, alignment = 8 { };
define block HEAP with size = 2K, alignment = 8 { };
"P2":  place in [from 0x2000'0000 to 0x2000'4fff] {
          rw, block CSTACK, block HEAP };
initialize by copy { rw };

  Section            Kind         Address   Size  Object
  -------            ----         -------   ----  ------
"A0":                                       0xec
  .intvec            ro code   0x800'0000   0xec  startup_stm32f10x_md.o [1]
                             - 0x800'00ec   0xec

"P1":                                      0x8d4
  .text              ro code   0x800'00ec  0x164  lcdm.o [3]
  .text              ro code   0x800'0250   0x74  io.o [3]
  .text              ro code   0x800'02c4   0x4c  delay.o [1]
  .text              ro code   0x800'0310  0x158  stm32f10x_gpio.o [2]
  .text              ro code   0x800'0468  0x158  system_stm32f10x.o [1]
  .text              ro code   0x800'05c0   0xd0  main.o [3]
  .text              ro code   0x800'0690   0xc8  system.o [3]
  .text              ro code   0x800'0758   0x24  stm32f10x_rcc.o [2]
  Initializer bytes  const     0x800'077c   0x64  <for P2-1>
  .text              ro code   0x800'07e0   0x2a  copy_init3.o [5]
  .text              ro code   0x800'080c   0x28  data_init.o [5]
  .iar.init_table    const     0x800'0834   0x14  - Linker created -
  .text              ro code   0x800'0848   0x1e  cmain.o [5]
  .text              ro code   0x800'0866    0x4  low_level_init.o [4]
  .text              ro code   0x800'086a    0x4  exit.o [4]
  .text              ro code   0x800'0870    0xa  cexit.o [5]
  .text              ro code   0x800'087c   0x14  exit.o [6]
  .rodata            const     0x800'0890   0x1c  system.o [3]
  .text              ro code   0x800'08ac   0x1c  cstartup_M.o [5]
  .text              ro code   0x800'08c8   0x18  stm32f10x_it.o [1]
  .text              ro code   0x800'08e0   0x10  startup_stm32f10x_md.o [1]
  .text              ro code   0x800'08f0    0x4  startup_stm32f10x_md.o [1]
  .text              ro code   0x800'08f4    0x4  startup_stm32f10x_md.o [1]
  .text              ro code   0x800'08f8    0x4  startup_stm32f10x_md.o [1]
  .text              ro code   0x800'08fc    0x4  startup_stm32f10x_md.o [1]
  .text              ro code   0x800'0900    0x4  startup_stm32f10x_md.o [1]
  .text              ro code   0x800'0904    0x4  startup_stm32f10x_md.o [1]
  .text              ro code   0x800'0908    0x4  startup_stm32f10x_md.o [1]
  .text              ro code   0x800'090c    0x4  startup_stm32f10x_md.o [1]
  .text              ro code   0x800'0910    0x4  startup_stm32f10x_md.o [1]
  .text              ro code   0x800'0914    0x4  startup_stm32f10x_md.o [1]
  .text              ro code   0x800'0918    0x4  startup_stm32f10x_md.o [1]
  .text              ro code   0x800'091c    0x4  startup_stm32f10x_md.o [1]
  .text              ro code   0x800'0920    0x4  startup_stm32f10x_md.o [1]
  .text              ro code   0x800'0924    0x4  startup_stm32f10x_md.o [1]
  .text              ro code   0x800'0928    0x4  startup_stm32f10x_md.o [1]
  .text              ro code   0x800'092c    0x4  startup_stm32f10x_md.o [1]
  .text              ro code   0x800'0930    0x4  startup_stm32f10x_md.o [1]
  .text              ro code   0x800'0934    0x4  startup_stm32f10x_md.o [1]
  .text              ro code   0x800'0938    0x4  startup_stm32f10x_md.o [1]
  .text              ro code   0x800'093c    0x4  startup_stm32f10x_md.o [1]
  .text              ro code   0x800'0940    0x4  startup_stm32f10x_md.o [1]
  .text              ro code   0x800'0944    0x4  startup_stm32f10x_md.o [1]
  .text              ro code   0x800'0948    0x4  startup_stm32f10x_md.o [1]
  .text              ro code   0x800'094c    0x4  startup_stm32f10x_md.o [1]
  .text              ro code   0x800'0950    0x4  startup_stm32f10x_md.o [1]
  .text              ro code   0x800'0954    0x4  startup_stm32f10x_md.o [1]
  .text              ro code   0x800'0958    0x4  startup_stm32f10x_md.o [1]
  .text              ro code   0x800'095c    0x4  startup_stm32f10x_md.o [1]
  .text              ro code   0x800'0960    0x4  startup_stm32f10x_md.o [1]
  .text              ro code   0x800'0964    0x4  startup_stm32f10x_md.o [1]
  .text              ro code   0x800'0968    0x4  startup_stm32f10x_md.o [1]
  .text              ro code   0x800'096c    0x4  startup_stm32f10x_md.o [1]
  .text              ro code   0x800'0970    0x4  startup_stm32f10x_md.o [1]
  .text              ro code   0x800'0974    0x4  startup_stm32f10x_md.o [1]
  .text              ro code   0x800'0978    0x4  startup_stm32f10x_md.o [1]
  .text              ro code   0x800'097c    0x4  startup_stm32f10x_md.o [1]
  .text              ro code   0x800'0980    0x4  startup_stm32f10x_md.o [1]
  .text              ro code   0x800'0984    0x4  startup_stm32f10x_md.o [1]
  .text              ro code   0x800'0988    0x4  startup_stm32f10x_md.o [1]
  .text              ro code   0x800'098c    0x4  startup_stm32f10x_md.o [1]
  .text              ro code   0x800'0990    0x4  startup_stm32f10x_md.o [1]
  .text              ro code   0x800'0994    0x4  startup_stm32f10x_md.o [1]
  .text              ro code   0x800'0998    0x4  startup_stm32f10x_md.o [1]
  .text              ro code   0x800'099c    0x4  startup_stm32f10x_md.o [1]
  .text              ro code   0x800'09a0    0x4  startup_stm32f10x_md.o [1]
  .text              ro code   0x800'09a4    0x4  startup_stm32f10x_md.o [1]
  .text              ro code   0x800'09a8    0x4  startup_stm32f10x_md.o [1]
  .text              ro code   0x800'09ac    0x4  startup_stm32f10x_md.o [1]
  .text              ro code   0x800'09b0    0x4  startup_stm32f10x_md.o [1]
  .text              ro code   0x800'09b4    0x4  startup_stm32f10x_md.o [1]
  .text              ro code   0x800'09b8    0x4  startup_stm32f10x_md.o [1]
  .text              ro code   0x800'09bc    0x4  startup_stm32f10x_md.o [1]
  .rodata            const     0x800'09c0    0x0  copy_init3.o [5]
                             - 0x800'09c0  0x8d4

"P2", part 1 of 2:                          0x64
  P2-1                        0x2000'0000   0x61  <Init block>
    .data            inited   0x2000'0000   0x38  io.o [3]
    .data            inited   0x2000'0038   0x1c  io.o [3]
    .data            inited   0x2000'0054    0x4  system_stm32f10x.o [1]
    .bss             inited   0x2000'0058    0x4  main.o [3]
    .bss             inited   0x2000'005c    0x4  system.o [3]
    .bss             inited   0x2000'0060    0x1  main.o [3]
                            - 0x2000'0061   0x61

"P2", part 2 of 2:                         0x800
  CSTACK                      0x2000'0068  0x800  <Block>
    CSTACK           uninit   0x2000'0068  0x800  <Block tail>
                            - 0x2000'0868  0x800

Unused ranges:

         From           To    Size
         ----           --    ----
   0x800'09c0   0x800'ffff  0xf640
  0x2000'0064  0x2000'0067     0x4
  0x2000'0868  0x2000'4fff  0x4798


*******************************************************************************
*** INIT TABLE
***

          Address      Size
          -------      ----
Copy (__iar_copy_init3)
    1 source range, total size 0x64 (103% of destination):
           0x800'077c  0x64
    1 destination range, total size 0x61:
          0x2000'0000  0x61



*******************************************************************************
*** MODULE SUMMARY
***

    Module                  ro code  ro data  rw data
    ------                  -------  -------  -------
command line/config:
    -------------------------------------------------
    Total:

F:\Emre_Dökümanlar\IAR_Projects\IAR_Examples\STM32F1\examples\3_LCD\Debug\Obj\Core: [1]
    delay.o                      76
    startup_stm32f10x_md.o      460
    stm32f10x_it.o               24
    system_stm32f10x.o          344        4        4
    -------------------------------------------------
    Total:                      904        4        4

F:\Emre_Dökümanlar\IAR_Projects\IAR_Examples\STM32F1\examples\3_LCD\Debug\Obj\Peripheral: [2]
    stm32f10x_gpio.o            344
    stm32f10x_rcc.o              36
    -------------------------------------------------
    Total:                      380

F:\Emre_Dökümanlar\IAR_Projects\IAR_Examples\STM32F1\examples\3_LCD\Debug\Obj\user\src: [3]
    io.o                        116       84       84
    lcdm.o                      356
    main.o                      208        5        5
    system.o                    200       32        4
    -------------------------------------------------
    Total:                      880      121       93

dl7M_tln.a: [4]
    exit.o                        4
    low_level_init.o              4
    -------------------------------------------------
    Total:                        8

rt7M_tl.a: [5]
    cexit.o                      10
    cmain.o                      30
    copy_init3.o                 42
    cstartup_M.o                 28
    data_init.o                  40
    -------------------------------------------------
    Total:                      150

shb_l.a: [6]
    exit.o                       20
    -------------------------------------------------
    Total:                       20

    Gaps                          6
    Linker created                        23    2'048
-----------------------------------------------------
    Grand Total:              2'348      148    2'145


*******************************************************************************
*** ENTRY LIST
***

Entry                       Address  Size  Type      Object
-----                       -------  ----  ----      ------
.iar.init_table$$Base    0x800'0834         --   Gb  - Linker created -
.iar.init_table$$Limit   0x800'0848         --   Gb  - Linker created -
?main                    0x800'0849        Code  Gb  cmain.o [5]
BusFault_Handler         0x800'08cf   0x2  Code  Gb  stm32f10x_it.o [1]
CSTACK$$Base            0x2000'0068         --   Gb  - Linker created -
CSTACK$$Limit           0x2000'0868         --   Gb  - Linker created -
DebugMon_Handler         0x800'08d5   0x2  Code  Gb  stm32f10x_it.o [1]
GPIO_Init                0x800'0311  0xc6  Code  Gb  stm32f10x_gpio.o [2]
GPIO_PinRemapConfig      0x800'03d7  0x8a  Code  Gb  stm32f10x_gpio.o [2]
HardFault_Handler        0x800'08cb   0x2  Code  Gb  stm32f10x_it.o [1]
IO_Init                  0x800'0251  0x30  Code  Gb  io.o [3]
IO_Write                 0x800'0281  0x3c  Code  Gb  io.o [3]
LCD_Clear                0x800'01a5  0x10  Code  Gb  lcdm.o [3]
LCD_DisplayOn            0x800'01b5   0xe  Code  Gb  lcdm.o [3]
LCD_PutChar              0x800'018f  0x16  Code  Gb  lcdm.o [3]
LCD_SendCmd              0x800'0179  0x16  Code  Gb  lcdm.o [3]
LCD_SendCmdL             0x800'014b  0x16  Code  Lc  lcdm.o [3]
LCD_SendData             0x800'0161  0x18  Code  Gb  lcdm.o [3]
LCD_SendDataL            0x800'00ed  0x5e  Code  Lc  lcdm.o [3]
LCD_SetCursor            0x800'01c3   0xe  Code  Gb  lcdm.o [3]
LCD_init                 0x800'01d1  0x76  Code  Gb  lcdm.o [3]
MemManage_Handler        0x800'08cd   0x2  Code  Gb  stm32f10x_it.o [1]
NMI_Handler              0x800'08c9   0x2  Code  Gb  stm32f10x_it.o [1]
PendSV_Handler           0x800'08d7   0x2  Code  Gb  stm32f10x_it.o [1]
RCC_APB2PeriphClockCmd   0x800'0759  0x20  Code  Gb  stm32f10x_rcc.o [2]
Region$$Table$$Base      0x800'0834         --   Gb  - Linker created -
Region$$Table$$Limit     0x800'0848         --   Gb  - Linker created -
SVC_Handler              0x800'08d3   0x2  Code  Gb  stm32f10x_it.o [1]
SetSysClock              0x800'04bd   0x8  Code  Lc  system_stm32f10x.o [1]
SetSysClockTo72          0x800'04c5  0xe0  Code  Lc  system_stm32f10x.o [1]
SysTick_Config           0x800'06b5  0x2e  Code  Lc  system.o [3]
SysTick_Handler          0x800'08d9   0x8  Code  Gb  stm32f10x_it.o [1]
Sys_ClockInit            0x800'071f  0x14  Code  Gb  system.o [3]
Sys_ClockTick            0x800'070d   0xc  Code  Gb  system.o [3]
Sys_IoInit               0x800'06e3  0x2a  Code  Gb  system.o [3]
SystemCoreClock         0x2000'0054   0x4  Data  Gb  system_stm32f10x.o [1]
SystemInit               0x800'0469  0x54  Code  Gb  system_stm32f10x.o [1]
Task_LED                 0x800'0635  0x54  Code  Gb  main.o [3]
Task_LED::state         0x2000'0060   0x1  Data  Lc  main.o [3]
Task_LED::t0            0x2000'0058   0x4  Data  Lc  main.o [3]
UsageFault_Handler       0x800'08d1   0x2  Code  Gb  stm32f10x_it.o [1]
_GPIO_Clocks             0x800'0890  0x1c  Data  Lc  system.o [3]
_GPIO_Ports             0x2000'0038  0x1c  Data  Gb  io.o [3]
__NVIC_SetPriority       0x800'0691  0x24  Code  Lc  system.o [3]
__cmain                  0x800'0849        Code  Gb  cmain.o [5]
__delay                  0x800'02d9        Code  Wk  delay.o [1]
__exit                   0x800'087d  0x14  Code  Gb  exit.o [6]
__iar_copy_init3         0x800'07e1  0x2a  Code  Gb  copy_init3.o [5]
__iar_data_init3         0x800'080d  0x28  Code  Gb  data_init.o [5]
__iar_program_start      0x800'08ad        Code  Gb  cstartup_M.o [5]
__low_level_init         0x800'0867   0x4  Code  Gb  low_level_init.o [4]
__vector_table           0x800'0000        Data  Gb  startup_stm32f10x_md.o [1]
_call_main               0x800'0855        Code  Gb  cmain.o [5]
_exit                    0x800'0871        Code  Gb  cexit.o [5]
_ios                    0x2000'0000  0x38  Data  Gb  io.o [3]
_tmTick                 0x2000'005c   0x4  Data  Lc  system.o [3]
clock                    0x800'0719   0x6  Code  Gb  system.o [3]
exit                     0x800'086b   0x4  Code  Gb  exit.o [4]
init                     0x800'05c1  0x20  Code  Gb  main.o [3]
main                     0x800'05e1  0x54  Code  Gb  main.o [3]


[1] = F:\Emre_Dökümanlar\IAR_Projects\IAR_Examples\STM32F1\examples\3_LCD\Debug\Obj\Core
[2] = F:\Emre_Dökümanlar\IAR_Projects\IAR_Examples\STM32F1\examples\3_LCD\Debug\Obj\Peripheral
[3] = F:\Emre_Dökümanlar\IAR_Projects\IAR_Examples\STM32F1\examples\3_LCD\Debug\Obj\user\src
[4] = dl7M_tln.a
[5] = rt7M_tl.a
[6] = shb_l.a

  2'348 bytes of readonly  code memory
    148 bytes of readonly  data memory
  2'145 bytes of readwrite data memory

Errors: none
Warnings: none
