###############################################################################
#
# IAR ELF Linker V9.10.1.308/W64 for ARM                  12/Apr/2022  14:25:31
# Copyright 2007-2021 IAR Systems AB.
#
#    Output file  =
#        F:\Emre_Dökümanlar\IAR_Projects\IAR_Examples\STM32F1\examples\StateMachine_LedOnOff_v1.1\Debug\Exe\Base1.out
#    Map file     =
#        F:\Emre_Dökümanlar\IAR_Projects\IAR_Examples\STM32F1\examples\StateMachine_LedOnOff_v1.1\Debug\List\Base1.map
#    Command line =
#        -f
#        F:\Emre_Dökümanlar\IAR_Projects\IAR_Examples\STM32F1\examples\StateMachine_LedOnOff_v1.1\Debug\Exe\Base1.out.rsp
#        (F:\Emre_Dökümanlar\IAR_Projects\IAR_Examples\STM32F1\examples\StateMachine_LedOnOff_v1.1\Debug\Obj\Core\delay.o
#        F:\Emre_Dökümanlar\IAR_Projects\IAR_Examples\STM32F1\examples\StateMachine_LedOnOff_v1.1\Debug\Obj\user\io.o
#        F:\Emre_Dökümanlar\IAR_Projects\IAR_Examples\STM32F1\examples\StateMachine_LedOnOff_v1.1\Debug\Obj\user\main.o
#        F:\Emre_Dökümanlar\IAR_Projects\IAR_Examples\STM32F1\examples\StateMachine_LedOnOff_v1.1\Debug\Obj\Peripheral\misc.o
#        F:\Emre_Dökümanlar\IAR_Projects\IAR_Examples\STM32F1\examples\StateMachine_LedOnOff_v1.1\Debug\Obj\Core\startup_stm32f10x_md.o
#        F:\Emre_Dökümanlar\IAR_Projects\IAR_Examples\STM32F1\examples\StateMachine_LedOnOff_v1.1\Debug\Obj\Peripheral\stm32f10x_gpio.o
#        F:\Emre_Dökümanlar\IAR_Projects\IAR_Examples\STM32F1\examples\StateMachine_LedOnOff_v1.1\Debug\Obj\Core\stm32f10x_it.o
#        F:\Emre_Dökümanlar\IAR_Projects\IAR_Examples\STM32F1\examples\StateMachine_LedOnOff_v1.1\Debug\Obj\Peripheral\stm32f10x_rcc.o
#        F:\Emre_Dökümanlar\IAR_Projects\IAR_Examples\STM32F1\examples\StateMachine_LedOnOff_v1.1\Debug\Obj\user\system.o
#        F:\Emre_Dökümanlar\IAR_Projects\IAR_Examples\STM32F1\examples\StateMachine_LedOnOff_v1.1\Debug\Obj\Core\system_stm32f10x.o
#        --no_out_extension -o
#        F:\Emre_Dökümanlar\IAR_Projects\IAR_Examples\STM32F1\examples\StateMachine_LedOnOff_v1.1\Debug\Exe\Base1.out
#        --redirect _Printf=_PrintfFullNoMb --redirect _Scanf=_ScanfFullNoMb
#        --map
#        F:\Emre_Dökümanlar\IAR_Projects\IAR_Examples\STM32F1\examples\StateMachine_LedOnOff_v1.1\Debug\List\Base1.map
#        --config "C:\Program Files\IAR Systems\Embedded Workbench
#        9.0\arm\config\linker\ST\stm32f103x8.icf" --semihosting --entry
#        __iar_program_start --vfe --text_out locale)
#
###############################################################################

*******************************************************************************
*** RUNTIME MODEL ATTRIBUTES
***

CppFlavor       = *
__SystemLibrary = DLib
__dlib_version  = 6


*******************************************************************************
*** HEAP SELECTION
***

The basic heap was selected because no calls to memory allocation
functions were found in the application outside of system library
functions, and there are calls to deallocation functions in the
application.


*******************************************************************************
*** PLACEMENT SUMMARY
***

"A0":  place at address 0x800'0000 { ro section .intvec };
"P1":  place in [from 0x800'0000 to 0x800'ffff] { ro };
define block CSTACK with size = 2K, alignment = 8 { };
define block HEAP with size = 2K, alignment = 8 { };
"P2":  place in [from 0x2000'0000 to 0x2000'4fff] {
          rw, block CSTACK, block HEAP };
initialize by copy { rw };

  Section            Kind         Address   Size  Object
  -------            ----         -------   ----  ------
"A0":                                       0xec
  .intvec            ro code   0x800'0000   0xec  startup_stm32f10x_md.o [1]
                             - 0x800'00ec   0xec

"P1":                                      0x6bc
  .text              ro code   0x800'00ec  0x158  stm32f10x_gpio.o [2]
  .text              ro code   0x800'0244  0x158  system_stm32f10x.o [1]
  .text              ro code   0x800'039c   0xc8  system.o [3]
  .text              ro code   0x800'0464   0x24  stm32f10x_rcc.o [2]
  .text              ro code   0x800'0488   0x98  main.o [3]
  .text              ro code   0x800'0520   0x74  io.o [3]
  Initializer bytes  const     0x800'0594   0x34  <for P2-1>
  .text              ro code   0x800'05c8   0x2a  copy_init3.o [5]
  .text              ro code   0x800'05f4   0x28  data_init.o [5]
  .iar.init_table    const     0x800'061c   0x14  - Linker created -
  .text              ro code   0x800'0630   0x1e  cmain.o [5]
  .text              ro code   0x800'064e    0x4  low_level_init.o [4]
  .text              ro code   0x800'0652    0x4  exit.o [4]
  .text              ro code   0x800'0658    0xa  cexit.o [5]
  .text              ro code   0x800'0664   0x14  exit.o [6]
  .rodata            const     0x800'0678   0x1c  system.o [3]
  .text              ro code   0x800'0694   0x1c  cstartup_M.o [5]
  .text              ro code   0x800'06b0   0x18  stm32f10x_it.o [1]
  .text              ro code   0x800'06c8   0x10  startup_stm32f10x_md.o [1]
  .text              ro code   0x800'06d8    0x4  startup_stm32f10x_md.o [1]
  .text              ro code   0x800'06dc    0x4  startup_stm32f10x_md.o [1]
  .text              ro code   0x800'06e0    0x4  startup_stm32f10x_md.o [1]
  .text              ro code   0x800'06e4    0x4  startup_stm32f10x_md.o [1]
  .text              ro code   0x800'06e8    0x4  startup_stm32f10x_md.o [1]
  .text              ro code   0x800'06ec    0x4  startup_stm32f10x_md.o [1]
  .text              ro code   0x800'06f0    0x4  startup_stm32f10x_md.o [1]
  .text              ro code   0x800'06f4    0x4  startup_stm32f10x_md.o [1]
  .text              ro code   0x800'06f8    0x4  startup_stm32f10x_md.o [1]
  .text              ro code   0x800'06fc    0x4  startup_stm32f10x_md.o [1]
  .text              ro code   0x800'0700    0x4  startup_stm32f10x_md.o [1]
  .text              ro code   0x800'0704    0x4  startup_stm32f10x_md.o [1]
  .text              ro code   0x800'0708    0x4  startup_stm32f10x_md.o [1]
  .text              ro code   0x800'070c    0x4  startup_stm32f10x_md.o [1]
  .text              ro code   0x800'0710    0x4  startup_stm32f10x_md.o [1]
  .text              ro code   0x800'0714    0x4  startup_stm32f10x_md.o [1]
  .text              ro code   0x800'0718    0x4  startup_stm32f10x_md.o [1]
  .text              ro code   0x800'071c    0x4  startup_stm32f10x_md.o [1]
  .text              ro code   0x800'0720    0x4  startup_stm32f10x_md.o [1]
  .text              ro code   0x800'0724    0x4  startup_stm32f10x_md.o [1]
  .text              ro code   0x800'0728    0x4  startup_stm32f10x_md.o [1]
  .text              ro code   0x800'072c    0x4  startup_stm32f10x_md.o [1]
  .text              ro code   0x800'0730    0x4  startup_stm32f10x_md.o [1]
  .text              ro code   0x800'0734    0x4  startup_stm32f10x_md.o [1]
  .text              ro code   0x800'0738    0x4  startup_stm32f10x_md.o [1]
  .text              ro code   0x800'073c    0x4  startup_stm32f10x_md.o [1]
  .text              ro code   0x800'0740    0x4  startup_stm32f10x_md.o [1]
  .text              ro code   0x800'0744    0x4  startup_stm32f10x_md.o [1]
  .text              ro code   0x800'0748    0x4  startup_stm32f10x_md.o [1]
  .text              ro code   0x800'074c    0x4  startup_stm32f10x_md.o [1]
  .text              ro code   0x800'0750    0x4  startup_stm32f10x_md.o [1]
  .text              ro code   0x800'0754    0x4  startup_stm32f10x_md.o [1]
  .text              ro code   0x800'0758    0x4  startup_stm32f10x_md.o [1]
  .text              ro code   0x800'075c    0x4  startup_stm32f10x_md.o [1]
  .text              ro code   0x800'0760    0x4  startup_stm32f10x_md.o [1]
  .text              ro code   0x800'0764    0x4  startup_stm32f10x_md.o [1]
  .text              ro code   0x800'0768    0x4  startup_stm32f10x_md.o [1]
  .text              ro code   0x800'076c    0x4  startup_stm32f10x_md.o [1]
  .text              ro code   0x800'0770    0x4  startup_stm32f10x_md.o [1]
  .text              ro code   0x800'0774    0x4  startup_stm32f10x_md.o [1]
  .text              ro code   0x800'0778    0x4  startup_stm32f10x_md.o [1]
  .text              ro code   0x800'077c    0x4  startup_stm32f10x_md.o [1]
  .text              ro code   0x800'0780    0x4  startup_stm32f10x_md.o [1]
  .text              ro code   0x800'0784    0x4  startup_stm32f10x_md.o [1]
  .text              ro code   0x800'0788    0x4  startup_stm32f10x_md.o [1]
  .text              ro code   0x800'078c    0x4  startup_stm32f10x_md.o [1]
  .text              ro code   0x800'0790    0x4  startup_stm32f10x_md.o [1]
  .text              ro code   0x800'0794    0x4  startup_stm32f10x_md.o [1]
  .text              ro code   0x800'0798    0x4  startup_stm32f10x_md.o [1]
  .text              ro code   0x800'079c    0x4  startup_stm32f10x_md.o [1]
  .text              ro code   0x800'07a0    0x4  startup_stm32f10x_md.o [1]
  .text              ro code   0x800'07a4    0x4  startup_stm32f10x_md.o [1]
  .rodata            const     0x800'07a8    0x0  copy_init3.o [5]
                             - 0x800'07a8  0x6bc

"P2", part 1 of 2:                          0x34
  P2-1                        0x2000'0000   0x31  <Init block>
    .data            inited   0x2000'0000    0x8  io.o [3]
    .data            inited   0x2000'0008   0x1c  io.o [3]
    .data            inited   0x2000'0024    0x4  system_stm32f10x.o [1]
    .bss             inited   0x2000'0028    0x4  main.o [3]
    .bss             inited   0x2000'002c    0x4  system.o [3]
    .bss             inited   0x2000'0030    0x1  main.o [3]
                            - 0x2000'0031   0x31

"P2", part 2 of 2:                         0x800
  CSTACK                      0x2000'0038  0x800  <Block>
    CSTACK           uninit   0x2000'0038  0x800  <Block tail>
                            - 0x2000'0838  0x800

Unused ranges:

         From           To    Size
         ----           --    ----
   0x800'07a8   0x800'ffff  0xf858
  0x2000'0034  0x2000'0037     0x4
  0x2000'0838  0x2000'4fff  0x47c8


*******************************************************************************
*** INIT TABLE
***

          Address      Size
          -------      ----
Copy (__iar_copy_init3)
    1 source range, total size 0x34 (106% of destination):
           0x800'0594  0x34
    1 destination range, total size 0x31:
          0x2000'0000  0x31



*******************************************************************************
*** MODULE SUMMARY
***

    Module                  ro code  ro data  rw data
    ------                  -------  -------  -------
command line/config:
    -------------------------------------------------
    Total:

F:\Emre_Dökümanlar\IAR_Projects\IAR_Examples\STM32F1\examples\StateMachine_LedOnOff_v1.1\Debug\Obj\Core: [1]
    startup_stm32f10x_md.o      460
    stm32f10x_it.o               24
    system_stm32f10x.o          344        4        4
    -------------------------------------------------
    Total:                      828        4        4

F:\Emre_Dökümanlar\IAR_Projects\IAR_Examples\STM32F1\examples\StateMachine_LedOnOff_v1.1\Debug\Obj\Peripheral: [2]
    stm32f10x_gpio.o            344
    stm32f10x_rcc.o              36
    -------------------------------------------------
    Total:                      380

F:\Emre_Dökümanlar\IAR_Projects\IAR_Examples\STM32F1\examples\StateMachine_LedOnOff_v1.1\Debug\Obj\user: [3]
    io.o                        116       36       36
    main.o                      152        5        5
    system.o                    200       32        4
    -------------------------------------------------
    Total:                      468       73       45

dl7M_tln.a: [4]
    exit.o                        4
    low_level_init.o              4
    -------------------------------------------------
    Total:                        8

rt7M_tl.a: [5]
    cexit.o                      10
    cmain.o                      30
    copy_init3.o                 42
    cstartup_M.o                 28
    data_init.o                  40
    -------------------------------------------------
    Total:                      150

shb_l.a: [6]
    exit.o                       20
    -------------------------------------------------
    Total:                       20

    Gaps                          6
    Linker created                        23    2'048
-----------------------------------------------------
    Grand Total:              1'860      100    2'097


*******************************************************************************
*** ENTRY LIST
***

Entry                       Address  Size  Type      Object
-----                       -------  ----  ----      ------
.iar.init_table$$Base    0x800'061c         --   Gb  - Linker created -
.iar.init_table$$Limit   0x800'0630         --   Gb  - Linker created -
?main                    0x800'0631        Code  Gb  cmain.o [5]
BusFault_Handler         0x800'06b7   0x2  Code  Gb  stm32f10x_it.o [1]
CSTACK$$Base            0x2000'0038         --   Gb  - Linker created -
CSTACK$$Limit           0x2000'0838         --   Gb  - Linker created -
DebugMon_Handler         0x800'06bd   0x2  Code  Gb  stm32f10x_it.o [1]
GPIO_Init                0x800'00ed  0xc6  Code  Gb  stm32f10x_gpio.o [2]
GPIO_PinRemapConfig      0x800'01b3  0x8a  Code  Gb  stm32f10x_gpio.o [2]
HardFault_Handler        0x800'06b3   0x2  Code  Gb  stm32f10x_it.o [1]
IO_Init                  0x800'0521  0x30  Code  Gb  io.o [3]
IO_Write                 0x800'0551  0x3c  Code  Gb  io.o [3]
MemManage_Handler        0x800'06b5   0x2  Code  Gb  stm32f10x_it.o [1]
NMI_Handler              0x800'06b1   0x2  Code  Gb  stm32f10x_it.o [1]
PendSV_Handler           0x800'06bf   0x2  Code  Gb  stm32f10x_it.o [1]
RCC_APB2PeriphClockCmd   0x800'0465  0x20  Code  Gb  stm32f10x_rcc.o [2]
Region$$Table$$Base      0x800'061c         --   Gb  - Linker created -
Region$$Table$$Limit     0x800'0630         --   Gb  - Linker created -
SVC_Handler              0x800'06bb   0x2  Code  Gb  stm32f10x_it.o [1]
SetSysClock              0x800'0299   0x8  Code  Lc  system_stm32f10x.o [1]
SetSysClockTo72          0x800'02a1  0xe0  Code  Lc  system_stm32f10x.o [1]
SysTick_Config           0x800'03c1  0x2e  Code  Lc  system.o [3]
SysTick_Handler          0x800'06c1   0x8  Code  Gb  stm32f10x_it.o [1]
Sys_ClockInit            0x800'042b  0x14  Code  Gb  system.o [3]
Sys_ClockTick            0x800'0419   0xc  Code  Gb  system.o [3]
Sys_IoInit               0x800'03ef  0x2a  Code  Gb  system.o [3]
SystemCoreClock         0x2000'0024   0x4  Data  Gb  system_stm32f10x.o [1]
SystemInit               0x800'0245  0x54  Code  Gb  system_stm32f10x.o [1]
Task_LED_v2              0x800'04b1  0x68  Code  Gb  main.o [3]
Task_LED_v2::state      0x2000'0030   0x1  Data  Lc  main.o [3]
Task_LED_v2::t0         0x2000'0028   0x4  Data  Lc  main.o [3]
UsageFault_Handler       0x800'06b9   0x2  Code  Gb  stm32f10x_it.o [1]
_GPIO_Clocks             0x800'0678  0x1c  Data  Lc  system.o [3]
_GPIO_Ports             0x2000'0008  0x1c  Data  Gb  io.o [3]
__NVIC_SetPriority       0x800'039d  0x24  Code  Lc  system.o [3]
__cmain                  0x800'0631        Code  Gb  cmain.o [5]
__exit                   0x800'0665  0x14  Code  Gb  exit.o [6]
__iar_copy_init3         0x800'05c9  0x2a  Code  Gb  copy_init3.o [5]
__iar_data_init3         0x800'05f5  0x28  Code  Gb  data_init.o [5]
__iar_program_start      0x800'0695        Code  Gb  cstartup_M.o [5]
__low_level_init         0x800'064f   0x4  Code  Gb  low_level_init.o [4]
__vector_table           0x800'0000        Data  Gb  startup_stm32f10x_md.o [1]
_call_main               0x800'063d        Code  Gb  cmain.o [5]
_exit                    0x800'0659        Code  Gb  cexit.o [5]
_ios                    0x2000'0000   0x8  Data  Gb  io.o [3]
_tmTick                 0x2000'002c   0x4  Data  Lc  system.o [3]
clock                    0x800'0425   0x6  Code  Gb  system.o [3]
exit                     0x800'0653   0x4  Code  Gb  exit.o [4]
init                     0x800'0495  0x1c  Code  Gb  main.o [3]
main                     0x800'0489   0xc  Code  Gb  main.o [3]


[1] = F:\Emre_Dökümanlar\IAR_Projects\IAR_Examples\STM32F1\examples\StateMachine_LedOnOff_v1.1\Debug\Obj\Core
[2] = F:\Emre_Dökümanlar\IAR_Projects\IAR_Examples\STM32F1\examples\StateMachine_LedOnOff_v1.1\Debug\Obj\Peripheral
[3] = F:\Emre_Dökümanlar\IAR_Projects\IAR_Examples\STM32F1\examples\StateMachine_LedOnOff_v1.1\Debug\Obj\user
[4] = dl7M_tln.a
[5] = rt7M_tl.a
[6] = shb_l.a

  1'860 bytes of readonly  code memory
    100 bytes of readonly  data memory
  2'097 bytes of readwrite data memory

Errors: none
Warnings: none
